> Task :app:checkKotlinGradlePluginConfigurationErrors SKIPPED
> Task :app:preBuild UP-TO-DATE
> Task :app:preDebugBuild UP-TO-DATE
> Task :app:checkDebugAarMetadata UP-TO-DATE
> Task :app:generateDebugResValues UP-TO-DATE
> Task :app:mapDebugSourceSetPaths UP-TO-DATE
> Task :app:generateDebugResources UP-TO-DATE
> Task :app:mergeDebugResources UP-TO-DATE
> Task :app:packageDebugResources UP-TO-DATE
> Task :app:parseDebugLocalResources UP-TO-DATE
> Task :app:createDebugCompatibleScreenManifests UP-TO-DATE
> Task :app:extractDeepLinksDebug UP-TO-DATE
> Task :app:processDebugMainManifest UP-TO-DATE
> Task :app:processDebugManifest UP-TO-DATE
> Task :app:processDebugManifestForPackage UP-TO-DATE
> Task :app:processDebugResources UP-TO-DATE

> Task :app:compileDebugKotlin FAILED
./gradlew : e: file:///C:/Users/arjun/Atithi/app/src/main
/java/com/example/assignment_3/ui/FindRoomScreen.kt:74:47
 Unresolved reference 'textFieldColors'.
At line:1 char:1
+ ./gradlew compileDebugKotlin > build_output.txt 2>&1
+ ~~~~~~~~~~~~~~~~~~~~~~~~~~~~~~~~~~~~~~~~~~~~~~~~~~~~
    + CategoryInfo          : NotSpecified: (e: file:/// 
   C:/U...xtFieldColors'.:String) [], RemoteException
    + FullyQualifiedErrorId : NativeCommandError
 
e: file:///C:/Users/arjun/Atithi/app/src/main/java/com/ex
ample/assignment_3/ui/FindRoomScreen.kt:120:43 
Unresolved reference 'textFieldColors'.
e: file:///C:/Users/arjun/Atithi/app/src/main/java/com/ex
ample/assignment_3/ui/FindRoomScreen.kt:196:39 
Unresolved reference 'textFieldColors'.
e: file:///C:/Users/arjun/Atithi/app/src/main/java/com/ex
ample/assignment_3/ui/FindRoomScreen.kt:234:38 
Unresolved reference 'FontWeight'.

FAILURE: Build failed with an exception.

* What went wrong:
Execution failed for task ':app:compileDebugKotlin'.
> A failure occurred while executing org.jetbrains.kotlin
.compilerRunner.GradleCompilerRunnerWithWorkers$GradleKot
linCompilerWorkAction
   > Compilation error. See log for more details

* Try:
> Run with --stacktrace option to get the stack trace.
> Run with --info or --debug option to get more log 
output.
> Run with --scan to get full insights.
> Get more help at https://help.gradle.org.

BUILD FAILED in 3s
14 actionable tasks: 1 executed, 13 up-to-date
